// Jest Snapshot v1, https://goo.gl/fbAQLP

exports[`Collapse Display tests should display radio group with one child correctly 1`] = `
<div>
  <div
    class="collapse"
  >
    <div
      class="content"
      style="height: 0px;"
    >
      <div>
        <p
          style="margin: 0px 0px 16px 0px;"
        >
          Альфа-Банк, основанный в 1990 году, является универсальным банком, осуществляющим все основные виды банковских операций, представленных на рынке финансовых услуг, включая обслуживание частных и корпоративных клиентов, инвестиционный банковский бизнес, торговое финансирование и т.д.
        </p>
      </div>
    </div>
    <a
      class="component primary pseudo"
    >
      <span>
        <span
          class="text"
        >
          <svg
            class="icon"
            focusable="false"
            height="18"
            viewBox="0 0 18 18"
            width="18"
          >
            <g
              fill="none"
              fill-rule="evenodd"
            >
              <path
                d="M0 18h18V0H0z"
              />
              <path
                d="M12.182 6.879l.707.707L9 11.474 5.112 7.586l.707-.707L9 10.06z"
                fill="#000"
                fill-rule="nonzero"
              />
            </g>
          </svg>
        </span>
      </span>
    </a>
  </div>
</div>
`;

exports[`Collapse Display tests should display with children like boolean or string or others react children type correctly 1`] = `
<div>
  <div
    class="collapse"
  >
    <div
      class="content"
      style="height: 0px;"
    >
      <div>
        <p
          style="margin: 0px 0px 16px 0px;"
        >
          Альфа-Банк, основанный в 1990 году, является универсальным банком, осуществляющим все основные виды банковских операций, представленных на рынке финансовых услуг, включая обслуживание частных и корпоративных клиентов, инвестиционный банковский бизнес, торговое финансирование и т.д.
        </p>
      </div>
    </div>
    <a
      class="component primary pseudo"
    >
      <span>
        <span
          class="text"
        >
          <svg
            class="icon"
            focusable="false"
            height="18"
            viewBox="0 0 18 18"
            width="18"
          >
            <g
              fill="none"
              fill-rule="evenodd"
            >
              <path
                d="M0 18h18V0H0z"
              />
              <path
                d="M12.182 6.879l.707.707L9 11.474 5.112 7.586l.707-.707L9 10.06z"
                fill="#000"
                fill-rule="nonzero"
              />
            </g>
          </svg>
        </span>
      </span>
    </a>
  </div>
</div>
`;
