// Jest Snapshot v1, https://goo.gl/fbAQLP

exports[`Notification Snapshots tests should match snapshot 1`] = `
<body>
  <div />
  <div
    alfa-portal-container=""
  >
    <div>
      <div
        class="component hasCloser notificationComponent"
        icon="positive"
        style="top: 108px;"
      >
        <div
          class="mainSection hasChildren"
        >
          <div
            class="contentContainer"
          >
            <div
              class="title"
            >
              title
            </div>
            <div
              class="content"
            >
              text
            </div>
          </div>
        </div>
        <div
          class="actionsSection"
        >
          <button
            aria-label="закрыть"
            class="component ghost m iconOnly closeButton"
          >
            <span
              class="addons"
            >
              <div
                class="closeIcon"
              />
            </span>
          </button>
        </div>
      </div>
    </div>
  </div>
</body>
`;
